
FAILURE: Build failed with an exception.

* Where:
Build file '/home/runner/work/MindMingle/MindMingle/build.gradle.kts' line: 2

* What went wrong:
Plugin [id: 'com.android.application', version: '8.7.2', apply: false] was not found in any of the following sources:

- Gradle Core Plugins (plugin is not in 'org.gradle' namespace)
- Included Builds (No included builds contain this plugin)
- Plugin Repositories (could not resolve plugin artifact 'com.android.application:com.android.application.gradle.plugin:8.7.2')
  Searched in the following repositories:
    Google
    MavenRepo
    Gradle Central Plugin Repository

* Try:
> Run with --stacktrace option to get the stack trace.
> Run with --info or --debug option to get more log output.
> Run with --scan to get full insights.
> Get more help at https://help.gradle.org.

BUILD FAILED in 1s
